Release 14.7 - xst P.20131013 (lin64)
Copyright (c) 1995-2013 Xilinx, Inc.  All rights reserved.
--> 
Parameter TMPDIR set to xst/projnav.tmp


Total REAL time to Xst completion: 0.00 secs
Total CPU time to Xst completion: 0.04 secs
 
--> 
Parameter xsthdpdir set to xst


Total REAL time to Xst completion: 0.00 secs
Total CPU time to Xst completion: 0.04 secs
 
--> 
Reading design: debbed_muxed_sevseg.prj

TABLE OF CONTENTS
  1) Synthesis Options Summary
  2) HDL Parsing
  3) HDL Elaboration
  4) HDL Synthesis
       4.1) HDL Synthesis Report
  5) Advanced HDL Synthesis
       5.1) Advanced HDL Synthesis Report
  6) Low Level Synthesis
  7) Partition Report
  8) Design Summary
       8.1) Primitive and Black Box Usage
       8.2) Device utilization summary
       8.3) Partition Resource Summary
       8.4) Timing Report
            8.4.1) Clock Information
            8.4.2) Asynchronous Control Signals Information
            8.4.3) Timing Summary
            8.4.4) Timing Details
            8.4.5) Cross Clock Domains Report


=========================================================================
*                      Synthesis Options Summary                        *
=========================================================================
---- Source Parameters
Input File Name                    : "debbed_muxed_sevseg.prj"
Ignore Synthesis Constraint File   : NO

---- Target Parameters
Output File Name                   : "debbed_muxed_sevseg"
Output Format                      : NGC
Target Device                      : xc6slx9-2-tqg144

---- Source Options
Top Module Name                    : debbed_muxed_sevseg
Automatic FSM Extraction           : YES
FSM Encoding Algorithm             : Auto
Safe Implementation                : No
FSM Style                          : LUT
RAM Extraction                     : Yes
RAM Style                          : Auto
ROM Extraction                     : Yes
Shift Register Extraction          : YES
ROM Style                          : Auto
Resource Sharing                   : YES
Asynchronous To Synchronous        : NO
Shift Register Minimum Size        : 2
Use DSP Block                      : Auto
Automatic Register Balancing       : No

---- Target Options
LUT Combining                      : Auto
Reduce Control Sets                : Auto
Add IO Buffers                     : YES
Global Maximum Fanout              : 100000
Add Generic Clock Buffer(BUFG)     : 16
Register Duplication               : YES
Optimize Instantiated Primitives   : NO
Use Clock Enable                   : Auto
Use Synchronous Set                : Auto
Use Synchronous Reset              : Auto
Pack IO Registers into IOBs        : Auto
Equivalent register Removal        : YES

---- General Options
Optimization Goal                  : Speed
Optimization Effort                : 1
Power Reduction                    : NO
Keep Hierarchy                     : No
Netlist Hierarchy                  : As_Optimized
RTL Output                         : Yes
Global Optimization                : AllClockNets
Read Cores                         : YES
Write Timing Constraints           : NO
Cross Clock Analysis               : NO
Hierarchy Separator                : /
Bus Delimiter                      : <>
Case Specifier                     : Maintain
Slice Utilization Ratio            : 100
BRAM Utilization Ratio             : 100
DSP48 Utilization Ratio            : 100
Auto BRAM Packing                  : NO
Slice Utilization Ratio Delta      : 5

=========================================================================


=========================================================================
*                          HDL Parsing                                  *
=========================================================================
Analyzing Verilog file "/home/josh/ComArch/FPGA_Study/Verilog_files/sevseg_display/decoder_sevseg.v" into library work
Parsing module <decoder_sevseg>.
Analyzing Verilog file "/home/josh/ComArch/FPGA_Study/Verilog_files/debounce_test/debounce.v" into library work
Parsing module <debouncer>.
Analyzing Verilog file "/home/josh/ComArch/FPGA_Study/Verilog_files/debounced_multipluxed_sevseg/display_7_seg.v" into library work
Parsing module <display_7_seg>.
Analyzing Verilog file "/home/josh/ComArch/FPGA_Study/Verilog_files/debounced_multipluxed_sevseg/debbed_muxed_sevseg.v" into library work
Parsing module <debbed_muxed_sevseg>.

=========================================================================
*                            HDL Elaboration                            *
=========================================================================
WARNING:HDLCompiler:1016 - "/home/josh/ComArch/FPGA_Study/Verilog_files/debounced_multipluxed_sevseg/debbed_muxed_sevseg.v" Line 32: Port state is not connected to this instance
WARNING:HDLCompiler:1016 - "/home/josh/ComArch/FPGA_Study/Verilog_files/debounced_multipluxed_sevseg/debbed_muxed_sevseg.v" Line 33: Port state is not connected to this instance

Elaborating module <debbed_muxed_sevseg>.

Elaborating module <debouncer>.

Elaborating module <display_7_seg>.

Elaborating module <decoder_sevseg>.

=========================================================================
*                           HDL Synthesis                               *
=========================================================================

Synthesizing Unit <debbed_muxed_sevseg>.
    Related source file is "/home/josh/ComArch/FPGA_Study/Verilog_files/debounced_multipluxed_sevseg/debbed_muxed_sevseg.v".
INFO:Xst:3210 - "/home/josh/ComArch/FPGA_Study/Verilog_files/debounced_multipluxed_sevseg/debbed_muxed_sevseg.v" line 32: Output port <state> of the instance <d1> is unconnected or connected to loadless signal.
INFO:Xst:3210 - "/home/josh/ComArch/FPGA_Study/Verilog_files/debounced_multipluxed_sevseg/debbed_muxed_sevseg.v" line 32: Output port <trans_up> of the instance <d1> is unconnected or connected to loadless signal.
INFO:Xst:3210 - "/home/josh/ComArch/FPGA_Study/Verilog_files/debounced_multipluxed_sevseg/debbed_muxed_sevseg.v" line 33: Output port <state> of the instance <d2> is unconnected or connected to loadless signal.
INFO:Xst:3210 - "/home/josh/ComArch/FPGA_Study/Verilog_files/debounced_multipluxed_sevseg/debbed_muxed_sevseg.v" line 33: Output port <trans_up> of the instance <d2> is unconnected or connected to loadless signal.
    Found 4-bit register for signal <tens>.
    Found 4-bit register for signal <hundreds>.
    Found 4-bit register for signal <thousands>.
    Found 4-bit register for signal <units>.
    Found 4-bit adder for signal <units[3]_GND_1_o_add_1_OUT> created at line 41.
    Found 4-bit adder for signal <tens[3]_GND_1_o_add_3_OUT> created at line 44.
    Found 4-bit adder for signal <hundreds[3]_GND_1_o_add_5_OUT> created at line 47.
    Found 4-bit adder for signal <thousands[3]_GND_1_o_add_7_OUT> created at line 50.
    Summary:
	inferred   4 Adder/Subtractor(s).
	inferred  16 D-type flip-flop(s).
Unit <debbed_muxed_sevseg> synthesized.

Synthesizing Unit <debouncer>.
    Related source file is "/home/josh/ComArch/FPGA_Study/Verilog_files/debounce_test/debounce.v".
    Found 1-bit register for signal <sync_1>.
    Found 17-bit register for signal <count>.
    Found 1-bit register for signal <state>.
    Found 1-bit register for signal <sync_0>.
    Found 17-bit adder for signal <count[16]_GND_2_o_add_5_OUT> created at line 48.
    Found 1-bit comparator equal for signal <idle> created at line 40
    Summary:
	inferred   1 Adder/Subtractor(s).
	inferred  20 D-type flip-flop(s).
	inferred   1 Comparator(s).
Unit <debouncer> synthesized.

Synthesizing Unit <display_7_seg>.
    Related source file is "/home/josh/ComArch/FPGA_Study/Verilog_files/debounced_multipluxed_sevseg/display_7_seg.v".
    Found 3-bit register for signal <digit_posn>.
    Found 4-bit register for signal <digit_data>.
    Found 4-bit register for signal <DIGIT>.
    Found 24-bit register for signal <prescaler>.
    Found 24-bit adder for signal <prescaler[23]_GND_3_o_add_1_OUT> created at line 36.
    Found 3-bit adder for signal <digit_posn[2]_GND_3_o_add_3_OUT> created at line 39.
    Found 4x4-bit Read Only RAM for signal <_n0053>
    Found 4-bit 4-to-1 multiplexer for signal <_n0051> created at line 52.
    Found 24-bit comparator greater for signal <n0001> created at line 37
    Summary:
	inferred   1 RAM(s).
	inferred   2 Adder/Subtractor(s).
	inferred  35 D-type flip-flop(s).
	inferred   1 Comparator(s).
	inferred   1 Multiplexer(s).
Unit <display_7_seg> synthesized.

Synthesizing Unit <decoder_sevseg>.
    Related source file is "/home/josh/ComArch/FPGA_Study/Verilog_files/sevseg_display/decoder_sevseg.v".
    Found 8-bit register for signal <SEG>.
    Found 16x8-bit Read Only RAM for signal <D[3]_PWR_4_o_wide_mux_1_OUT>
    Summary:
	inferred   1 RAM(s).
	inferred   8 D-type flip-flop(s).
Unit <decoder_sevseg> synthesized.

=========================================================================
HDL Synthesis Report

Macro Statistics
# RAMs                                                 : 2
 16x8-bit single-port Read Only RAM                    : 1
 4x4-bit single-port Read Only RAM                     : 1
# Adders/Subtractors                                   : 8
 17-bit adder                                          : 2
 24-bit adder                                          : 1
 3-bit adder                                           : 1
 4-bit adder                                           : 4
# Registers                                            : 17
 1-bit register                                        : 6
 17-bit register                                       : 2
 24-bit register                                       : 1
 3-bit register                                        : 1
 4-bit register                                        : 6
 8-bit register                                        : 1
# Comparators                                          : 3
 1-bit comparator equal                                : 2
 24-bit comparator greater                             : 1
# Multiplexers                                         : 1
 4-bit 4-to-1 multiplexer                              : 1

=========================================================================

=========================================================================
*                       Advanced HDL Synthesis                          *
=========================================================================


Synthesizing (advanced) Unit <debbed_muxed_sevseg>.
The following registers are absorbed into counter <tens>: 1 register on signal <tens>.
The following registers are absorbed into counter <hundreds>: 1 register on signal <hundreds>.
The following registers are absorbed into counter <thousands>: 1 register on signal <thousands>.
The following registers are absorbed into counter <units>: 1 register on signal <units>.
Unit <debbed_muxed_sevseg> synthesized (advanced).

Synthesizing (advanced) Unit <debouncer>.
The following registers are absorbed into counter <count>: 1 register on signal <count>.
Unit <debouncer> synthesized (advanced).

Synthesizing (advanced) Unit <decoder_sevseg>.
INFO:Xst:3231 - The small RAM <Mram_D[3]_PWR_4_o_wide_mux_1_OUT> will be implemented on LUTs in order to maximize performance and save block RAM resources. If you want to force its implementation on block, use option/constraint ram_style.
    -----------------------------------------------------------------------
    | ram_type           | Distributed                         |          |
    -----------------------------------------------------------------------
    | Port A                                                              |
    |     aspect ratio   | 16-word x 8-bit                     |          |
    |     weA            | connected to signal <GND>           | high     |
    |     addrA          | connected to signal <D>             |          |
    |     diA            | connected to signal <GND>           |          |
    |     doA            | connected to internal node          |          |
    -----------------------------------------------------------------------
Unit <decoder_sevseg> synthesized (advanced).

Synthesizing (advanced) Unit <display_7_seg>.
The following registers are absorbed into counter <prescaler>: 1 register on signal <prescaler>.
The following registers are absorbed into counter <digit_posn>: 1 register on signal <digit_posn>.
INFO:Xst:3231 - The small RAM <Mram__n0053> will be implemented on LUTs in order to maximize performance and save block RAM resources. If you want to force its implementation on block, use option/constraint ram_style.
    -----------------------------------------------------------------------
    | ram_type           | Distributed                         |          |
    -----------------------------------------------------------------------
    | Port A                                                              |
    |     aspect ratio   | 4-word x 4-bit                      |          |
    |     weA            | connected to signal <GND>           | high     |
    |     addrA          | connected to signal <digit_posn<1:0>> |          |
    |     diA            | connected to signal <GND>           |          |
    |     doA            | connected to internal node          |          |
    -----------------------------------------------------------------------
Unit <display_7_seg> synthesized (advanced).

=========================================================================
Advanced HDL Synthesis Report

Macro Statistics
# RAMs                                                 : 2
 16x8-bit single-port distributed Read Only RAM        : 1
 4x4-bit single-port distributed Read Only RAM         : 1
# Counters                                             : 8
 17-bit up counter                                     : 2
 24-bit up counter                                     : 1
 3-bit up counter                                      : 1
 4-bit up counter                                      : 4
# Registers                                            : 22
 Flip-Flops                                            : 22
# Comparators                                          : 3
 1-bit comparator equal                                : 2
 24-bit comparator greater                             : 1
# Multiplexers                                         : 1
 4-bit 4-to-1 multiplexer                              : 1

=========================================================================

=========================================================================
*                         Low Level Synthesis                           *
=========================================================================
WARNING:Xst:1710 - FF/Latch <SEG_0> (without init value) has a constant value of 1 in block <decoder_sevseg>. This FF/Latch will be trimmed during the optimization process.

Optimizing unit <debbed_muxed_sevseg> ...

Optimizing unit <debouncer> ...

Optimizing unit <display_7_seg> ...

Optimizing unit <decoder_sevseg> ...
WARNING:Xst:1710 - FF/Latch <display/prescaler_23> (without init value) has a constant value of 0 in block <debbed_muxed_sevseg>. This FF/Latch will be trimmed during the optimization process.
WARNING:Xst:1895 - Due to other FF/Latch trimming, FF/Latch <display/prescaler_22> (without init value) has a constant value of 0 in block <debbed_muxed_sevseg>. This FF/Latch will be trimmed during the optimization process.
WARNING:Xst:1895 - Due to other FF/Latch trimming, FF/Latch <display/prescaler_21> (without init value) has a constant value of 0 in block <debbed_muxed_sevseg>. This FF/Latch will be trimmed during the optimization process.
WARNING:Xst:1895 - Due to other FF/Latch trimming, FF/Latch <display/prescaler_20> (without init value) has a constant value of 0 in block <debbed_muxed_sevseg>. This FF/Latch will be trimmed during the optimization process.
WARNING:Xst:1895 - Due to other FF/Latch trimming, FF/Latch <display/prescaler_19> (without init value) has a constant value of 0 in block <debbed_muxed_sevseg>. This FF/Latch will be trimmed during the optimization process.
WARNING:Xst:1895 - Due to other FF/Latch trimming, FF/Latch <display/prescaler_18> (without init value) has a constant value of 0 in block <debbed_muxed_sevseg>. This FF/Latch will be trimmed during the optimization process.
WARNING:Xst:1895 - Due to other FF/Latch trimming, FF/Latch <display/prescaler_17> (without init value) has a constant value of 0 in block <debbed_muxed_sevseg>. This FF/Latch will be trimmed during the optimization process.
WARNING:Xst:1895 - Due to other FF/Latch trimming, FF/Latch <display/prescaler_16> (without init value) has a constant value of 0 in block <debbed_muxed_sevseg>. This FF/Latch will be trimmed during the optimization process.

Mapping all equations...
Building and optimizing final netlist ...
Found area constraint ratio of 100 (+ 5) on block debbed_muxed_sevseg, actual ratio is 2.

Final Macro Processing ...

Processing Unit <debbed_muxed_sevseg> :
	Found 2-bit shift register for signal <d2/sync_1>.
	Found 2-bit shift register for signal <d1/sync_1>.
Unit <debbed_muxed_sevseg> processed.

=========================================================================
Final Register Report

Macro Statistics
# Registers                                            : 86
 Flip-Flops                                            : 86
# Shift Registers                                      : 2
 2-bit shift register                                  : 2

=========================================================================

=========================================================================
*                           Partition Report                            *
=========================================================================

Partition Implementation Status
-------------------------------

  No Partitions were found in this design.

-------------------------------

=========================================================================
*                            Design Summary                             *
=========================================================================

Top Level Output File Name         : debbed_muxed_sevseg.ngc

Primitive and Black Box Usage:
------------------------------
# BELS                             : 216
#      GND                         : 1
#      INV                         : 4
#      LUT1                        : 47
#      LUT2                        : 9
#      LUT3                        : 6
#      LUT4                        : 17
#      LUT5                        : 12
#      LUT6                        : 22
#      MUXCY                       : 47
#      VCC                         : 1
#      XORCY                       : 50
# FlipFlops/Latches                : 88
#      FD                          : 25
#      FDE                         : 13
#      FDR                         : 50
# Shift Registers                  : 2
#      SRLC16E                     : 2
# Clock Buffers                    : 1
#      BUFGP                       : 1
# IO Buffers                       : 14
#      IBUF                        : 2
#      OBUF                        : 12

Device utilization summary:
---------------------------

Selected Device : 6slx9tqg144-2 


Slice Logic Utilization: 
 Number of Slice Registers:              88  out of  11440     0%  
 Number of Slice LUTs:                  119  out of   5720     2%  
    Number used as Logic:               117  out of   5720     2%  
    Number used as Memory:                2  out of   1440     0%  
       Number used as SRL:                2

Slice Logic Distribution: 
 Number of LUT Flip Flop pairs used:    119
   Number with an unused Flip Flop:      31  out of    119    26%  
   Number with an unused LUT:             0  out of    119     0%  
   Number of fully used LUT-FF pairs:    88  out of    119    73%  
   Number of unique control sets:         7

IO Utilization: 
 Number of IOs:                          15
 Number of bonded IOBs:                  15  out of    102    14%  

Specific Feature Utilization:
 Number of BUFG/BUFGCTRLs:                1  out of     16     6%  

---------------------------
Partition Resource Summary:
---------------------------

  No Partitions were found in this design.

---------------------------


=========================================================================
Timing Report

NOTE: THESE TIMING NUMBERS ARE ONLY A SYNTHESIS ESTIMATE.
      FOR ACCURATE TIMING INFORMATION PLEASE REFER TO THE TRACE REPORT
      GENERATED AFTER PLACE-and-ROUTE.

Clock Information:
------------------
-----------------------------------+------------------------+-------+
Clock Signal                       | Clock buffer(FF name)  | Load  |
-----------------------------------+------------------------+-------+
CLK                                | BUFGP                  | 90    |
-----------------------------------+------------------------+-------+

Asynchronous Control Signals Information:
----------------------------------------
No asynchronous control signals found in this design

Timing Summary:
---------------
Speed Grade: -2

   Minimum period: 6.013ns (Maximum Frequency: 166.306MHz)
   Minimum input arrival time before clock: 2.009ns
   Maximum output required time after clock: 4.118ns
   Maximum combinational path delay: No path found

Timing Details:
---------------
All values displayed in nanoseconds (ns)

=========================================================================
Timing constraint: Default period analysis for Clock 'CLK'
  Clock period: 6.013ns (frequency: 166.306MHz)
  Total number of paths / destination ports: 2188 / 149
-------------------------------------------------------------------------
Delay:               6.013ns (Levels of Logic = 4)
  Source:            d1/count_13 (FF)
  Destination:       units_3 (FF)
  Source Clock:      CLK rising
  Destination Clock: CLK rising

  Data Path: d1/count_13 to units_3
                                Gate     Net
    Cell:in->out      fanout   Delay   Delay  Logical Name (Net Name)
    ----------------------------------------  ------------
     FDR:C->Q              2   0.525   1.156  d1/count_13 (d1/count_13)
     LUT5:I0->O            3   0.254   0.994  d1/out1 (d1/out)
     LUT6:I3->O           10   0.235   1.008  d1/trans_dn1 (s_up)
     LUT5:I4->O            4   0.254   1.259  Mcount_units_val1 (Mcount_units_val)
     LUT6:I0->O            1   0.254   0.000  units_3_rstpot (units_3_rstpot)
     FD:D                      0.074          units_3
    ----------------------------------------
    Total                      6.013ns (1.596ns logic, 4.417ns route)
                                       (26.5% logic, 73.5% route)

=========================================================================
Timing constraint: Default OFFSET IN BEFORE for Clock 'CLK'
  Total number of paths / destination ports: 2 / 2
-------------------------------------------------------------------------
Offset:              2.009ns (Levels of Logic = 1)
  Source:            switch_clear (PAD)
  Destination:       d2/Mshreg_sync_1 (FF)
  Destination Clock: CLK rising

  Data Path: switch_clear to d2/Mshreg_sync_1
                                Gate     Net
    Cell:in->out      fanout   Delay   Delay  Logical Name (Net Name)
    ----------------------------------------  ------------
     IBUF:I->O             1   1.328   0.681  switch_clear_IBUF (switch_clear_IBUF)
     SRLC16E:D                -0.060          d2/Mshreg_sync_1
    ----------------------------------------
    Total                      2.009ns (1.328ns logic, 0.681ns route)
                                       (66.1% logic, 33.9% route)

=========================================================================
Timing constraint: Default OFFSET OUT AFTER for Clock 'CLK'
  Total number of paths / destination ports: 11 / 11
-------------------------------------------------------------------------
Offset:              4.118ns (Levels of Logic = 1)
  Source:            display/decoder/SEG_7 (FF)
  Destination:       SEG<7> (PAD)
  Source Clock:      CLK rising

  Data Path: display/decoder/SEG_7 to SEG<7>
                                Gate     Net
    Cell:in->out      fanout   Delay   Delay  Logical Name (Net Name)
    ----------------------------------------  ------------
     FD:C->Q               1   0.525   0.681  display/decoder/SEG_7 (display/decoder/SEG_7)
     OBUF:I->O                 2.912          SEG_7_OBUF (SEG<7>)
    ----------------------------------------
    Total                      4.118ns (3.437ns logic, 0.681ns route)
                                       (83.5% logic, 16.5% route)

=========================================================================

Cross Clock Domains Report:
--------------------------

Clock to Setup on destination clock CLK
---------------+---------+---------+---------+---------+
               | Src:Rise| Src:Fall| Src:Rise| Src:Fall|
Source Clock   |Dest:Rise|Dest:Rise|Dest:Fall|Dest:Fall|
---------------+---------+---------+---------+---------+
CLK            |    6.013|         |         |         |
---------------+---------+---------+---------+---------+

=========================================================================


Total REAL time to Xst completion: 3.00 secs
Total CPU time to Xst completion: 3.53 secs
 
--> 


Total memory usage is 386988 kilobytes

Number of errors   :    0 (   0 filtered)
Number of warnings :   11 (   0 filtered)
Number of infos    :    6 (   0 filtered)

